[2020-11-04T08:27:43.709724+00:00] test.WARNING: Foo [] []
[2020-11-04T08:27:43.714172+00:00] test.ERROR: Bar [] []
[2020-11-04T08:27:51.656030+00:00] test.WARNING: Foo [] []
[2020-11-04T08:27:51.656496+00:00] test.ERROR: Bar [] []
[2020-11-04T08:27:52.447877+00:00] test.WARNING: Foo [] []
[2020-11-04T08:27:52.448174+00:00] test.ERROR: Bar [] []
[2020-11-04T08:27:52.919204+00:00] test.WARNING: Foo [] []
[2020-11-04T08:27:52.919568+00:00] test.ERROR: Bar [] []
[2020-11-04T08:27:57.057847+00:00] test.WARNING: Foo [] []
[2020-11-04T08:27:57.058232+00:00] test.ERROR: Bar [] []
[2020-11-04T08:27:57.747192+00:00] test.WARNING: Foo [] []
[2020-11-04T08:27:57.747516+00:00] test.ERROR: Bar [] []
[2020-11-04T08:28:03.455699+00:00] test.WARNING: Foo [] []
[2020-11-04T08:28:03.456013+00:00] test.ERROR: Bar [] []
[2020-11-04T08:28:04.504651+00:00] test.WARNING: Foo [] []
[2020-11-04T08:28:04.505429+00:00] test.ERROR: Bar [] []
[2020-11-04T08:28:31.556606+00:00] test.WARNING: Foo [] []
[2020-11-04T08:28:31.556949+00:00] test.ERROR: Bar [] []
[2020-11-04T08:29:51.248373+00:00] test.WARNING: Foo [] []
[2020-11-04T08:29:51.248826+00:00] test.ERROR: Bar [] []
